exports[`Action tests renders 1 CloseableView component 1`] = `
<View
  style={undefined}>
  <Text
    accessible={true}
    allowFontScaling={false}
    ellipsizeMode="tail"
    style={
      Array [
        Object {
          "color": undefined,
          "fontSize": 20,
        },
        Object {},
        Object {
          "fontFamily": "FontAwesome",
          "fontStyle": "normal",
          "fontWeight": "normal",
        },
      ]
    }>
    ?
  </Text>
  <View
    style={
      Object {
        "width": 5,
      }
    } />
  <Text
    accessible={true}
    allowFontScaling={true}
    ellipsizeMode="tail"
    style={
      Object {
        "alignSelf": "center",
      }
    }>
    
  </Text>
</View>
`;
