exports[`Action tests renders 1 CloseableView component 1`] = `
<View
  style={
    Array [
      Object {
        "alignItems": "center",
        "flex": 1,
        "flexDirection": "row-reverse",
        "padding": 10,
        "paddingRight": 0,
      },
      undefined,
    ]
  }>
  <Text
    accessible={true}
    allowFontScaling={false}
    ellipsizeMode="tail"
    style={
      Array [
        Object {
          "color": undefined,
          "fontSize": 20,
        },
        Object {},
        Object {
          "fontFamily": "FontAwesome",
          "fontStyle": "normal",
          "fontWeight": "normal",
        },
      ]
    }>
    ?
  </Text>
</View>
`;
