exports[`test renders correctly 1`] = `
<View
  style={
    Array [
      Object {
        "flexDirection": "row"
      }
    ]
  }>
  <Text
    accessible={true}
    allowFontScaling={true}
    ellipsizeMode="tail">
    蔵書確認中
  </Text>
  <ActivityIndicator
    animating={true}
    color="#999999"
    hidesWhenStopped={true}
    size="small" />
</View>
`;
